2025-11-30T11:18:44+0800 INFO services.core.aiva_core.core_capabilities.dialog.assistant - AIVA 對話助理已初始化
2025-11-30T11:18:44+0800 INFO services.core.aiva_core.core_capabilities.dialog.assistant - AIVA 對話助理已初始化

測試輸入: '掃描 http://localhost:3000'
長度: 24, repr: '掃描 http://localhost:3000'
2025-11-30T11:18:44+0800 INFO services.core.aiva_core.core_capabilities.dialog.assistant - 識別意圖: run_scan, 參數: {'url': 'http://localhost:3000'}
--- Logging error ---
Traceback (most recent call last):
  File "C:\Users\User\AppData\Local\Programs\Python\Python313\Lib\logging\__init__.py", line 1154, in emit
    stream.write(msg + self.terminator)
    ~~~~~~~~~~~~^^^^^^^^^^^^^^^^^^^^^^^
UnicodeEncodeError: 'cp950' codec can't encode character '\U0001f3af' in position 91: illegal multibyte sequence
Call stack:
  File "C:\D\fold7\AIVA-git\test_ai_input.py", line 26, in <module>
    asyncio.run(test())
  File "C:\Users\User\AppData\Local\Programs\Python\Python313\Lib\asyncio\runners.py", line 195, in run
    return runner.run(main)
  File "C:\Users\User\AppData\Local\Programs\Python\Python313\Lib\asyncio\runners.py", line 118, in run
    return self._loop.run_until_complete(task)
  File "C:\Users\User\AppData\Local\Programs\Python\Python313\Lib\asyncio\base_events.py", line 712, in run_until_complete
    self.run_forever()
  File "C:\Users\User\AppData\Local\Programs\Python\Python313\Lib\asyncio\base_events.py", line 683, in run_forever
    self._run_once()
  File "C:\Users\User\AppData\Local\Programs\Python\Python313\Lib\asyncio\base_events.py", line 2050, in _run_once
    handle._run()
  File "C:\Users\User\AppData\Local\Programs\Python\Python313\Lib\asyncio\events.py", line 89, in _run
    self._context.run(self._callback, *self._args)
  File "C:\D\fold7\AIVA-git\test_ai_input.py", line 22, in test
    response = await assistant.process_user_input(input_text)
  File "c:\D\fold7\AIVA-git\services\core\aiva_core\core_capabilities\dialog\assistant.py", line 126, in process_user_input
    response = await self._handle_intent(intent, params, user_input)
  File "c:\D\fold7\AIVA-git\services\core\aiva_core\core_capabilities\dialog\assistant.py", line 168, in _handle_intent
    return await self._handle_run_scan(scan_type, target, original_input)
  File "c:\D\fold7\AIVA-git\services\core\aiva_core\core_capabilities\dialog\assistant.py", line 329, in _handle_run_scan
    logger.info(f"\U0001f3af AI 決策：對目標 {target} 執行掃描")
Message: '\U0001f3af AI 決策：對目標 http://localhost:3000 執行掃描'
Arguments: ()
協調器組件導入失敗（可能處於開發中）: No module named 'services.core.aiva_core.messaging'
--- Logging error ---
Traceback (most recent call last):
  File "C:\Users\User\AppData\Local\Programs\Python\Python313\Lib\logging\__init__.py", line 1154, in emit
    stream.write(msg + self.terminator)
    ~~~~~~~~~~~~^^^^^^^^^^^^^^^^^^^^^^^
UnicodeEncodeError: 'cp950' codec can't encode character '\U0001f680' in position 91: illegal multibyte sequence
Call stack:
  File "C:\D\fold7\AIVA-git\test_ai_input.py", line 26, in <module>
    asyncio.run(test())
  File "C:\Users\User\AppData\Local\Programs\Python\Python313\Lib\asyncio\runners.py", line 195, in run
    return runner.run(main)
  File "C:\Users\User\AppData\Local\Programs\Python\Python313\Lib\asyncio\runners.py", line 118, in run
    return self._loop.run_until_complete(task)
  File "C:\Users\User\AppData\Local\Programs\Python\Python313\Lib\asyncio\base_events.py", line 712, in run_until_complete
    self.run_forever()
  File "C:\Users\User\AppData\Local\Programs\Python\Python313\Lib\asyncio\base_events.py", line 683, in run_forever
    self._run_once()
  File "C:\Users\User\AppData\Local\Programs\Python\Python313\Lib\asyncio\base_events.py", line 2050, in _run_once
    handle._run()
  File "C:\Users\User\AppData\Local\Programs\Python\Python313\Lib\asyncio\events.py", line 89, in _run
    self._context.run(self._callback, *self._args)
  File "C:\D\fold7\AIVA-git\test_ai_input.py", line 22, in test
    response = await assistant.process_user_input(input_text)
  File "c:\D\fold7\AIVA-git\services\core\aiva_core\core_capabilities\dialog\assistant.py", line 126, in process_user_input
    response = await self._handle_intent(intent, params, user_input)
  File "c:\D\fold7\AIVA-git\services\core\aiva_core\core_capabilities\dialog\assistant.py", line 168, in _handle_intent
    return await self._handle_run_scan(scan_type, target, original_input)
  File "c:\D\fold7\AIVA-git\services\core\aiva_core\core_capabilities\dialog\assistant.py", line 338, in _handle_run_scan
    logger.info(f"\U0001f680 啟動多引擎掃描: scan_id={scan_id}")
Message: '\U0001f680 啟動多引擎掃描: scan_id=ai_scan_37213ee4'
Arguments: ()
--- Logging error ---
Traceback (most recent call last):
  File "C:\Users\User\AppData\Local\Programs\Python\Python313\Lib\logging\__init__.py", line 1154, in emit
    stream.write(msg + self.terminator)
    ~~~~~~~~~~~~^^^^^^^^^^^^^^^^^^^^^^^
UnicodeEncodeError: 'cp950' codec can't encode character '\U0001f680' in position 55: illegal multibyte sequence
Call stack:
  File "C:\D\fold7\AIVA-git\test_ai_input.py", line 26, in <module>
    asyncio.run(test())
  File "C:\Users\User\AppData\Local\Programs\Python\Python313\Lib\asyncio\runners.py", line 195, in run
    return runner.run(main)
  File "C:\Users\User\AppData\Local\Programs\Python\Python313\Lib\asyncio\runners.py", line 118, in run
    return self._loop.run_until_complete(task)
  File "C:\Users\User\AppData\Local\Programs\Python\Python313\Lib\asyncio\base_events.py", line 712, in run_until_complete
    self.run_forever()
  File "C:\Users\User\AppData\Local\Programs\Python\Python313\Lib\asyncio\base_events.py", line 683, in run_forever
    self._run_once()
  File "C:\Users\User\AppData\Local\Programs\Python\Python313\Lib\asyncio\base_events.py", line 2050, in _run_once
    handle._run()
  File "C:\Users\User\AppData\Local\Programs\Python\Python313\Lib\asyncio\events.py", line 89, in _run
    self._context.run(self._callback, *self._args)
  File "C:\D\fold7\AIVA-git\test_ai_input.py", line 22, in test
    response = await assistant.process_user_input(input_text)
  File "c:\D\fold7\AIVA-git\services\core\aiva_core\core_capabilities\dialog\assistant.py", line 126, in process_user_input
    response = await self._handle_intent(intent, params, user_input)
  File "c:\D\fold7\AIVA-git\services\core\aiva_core\core_capabilities\dialog\assistant.py", line 168, in _handle_intent
    return await self._handle_run_scan(scan_type, target, original_input)
  File "c:\D\fold7\AIVA-git\services\core\aiva_core\core_capabilities\dialog\assistant.py", line 341, in _handle_run_scan
    result = await coordinator.execute_strategy_fast(
  File "c:\D\fold7\AIVA-git\services\scan\coordinators\multi_engine_coordinator.py", line 223, in execute_strategy_fast
    return await self.execute_phase1(
  File "c:\D\fold7\AIVA-git\services\scan\coordinators\multi_engine_coordinator.py", line 566, in execute_phase1
    self.logger.info(
Message: '\U0001f680 Phase 1 開始: ai_scan_37213ee4 (引擎: python, 目標: 1個)'
Arguments: ()
部分 Python 掃描組件導入失敗: No module named 'services.scan.engines.python_engine.target_environment_detector'
2025-11-30T11:18:44+0800 ERROR PythonAdapter - Python 引擎錯誤: 1 validation error for ScanStartPayload
scan_id
  Value error, scan_id must start with 'scan_' [type=value_error, input_value='ai_scan_37213ee4', input_type=str]
    For further information visit https://errors.pydantic.dev/2.12/v/value_error
--- Logging error ---
Traceback (most recent call last):
  File "C:\Users\User\AppData\Local\Programs\Python\Python313\Lib\logging\__init__.py", line 1154, in emit
    stream.write(msg + self.terminator)
    ~~~~~~~~~~~~^^^^^^^^^^^^^^^^^^^^^^^
UnicodeEncodeError: 'cp950' codec can't encode character '\u2705' in position 55: illegal multibyte sequence
Call stack:
  File "C:\D\fold7\AIVA-git\test_ai_input.py", line 26, in <module>
    asyncio.run(test())
  File "C:\Users\User\AppData\Local\Programs\Python\Python313\Lib\asyncio\runners.py", line 195, in run
    return runner.run(main)
  File "C:\Users\User\AppData\Local\Programs\Python\Python313\Lib\asyncio\runners.py", line 118, in run
    return self._loop.run_until_complete(task)
  File "C:\Users\User\AppData\Local\Programs\Python\Python313\Lib\asyncio\base_events.py", line 712, in run_until_complete
    self.run_forever()
  File "C:\Users\User\AppData\Local\Programs\Python\Python313\Lib\asyncio\base_events.py", line 683, in run_forever
    self._run_once()
  File "C:\Users\User\AppData\Local\Programs\Python\Python313\Lib\asyncio\base_events.py", line 2050, in _run_once
    handle._run()
  File "C:\Users\User\AppData\Local\Programs\Python\Python313\Lib\asyncio\events.py", line 89, in _run
    self._context.run(self._callback, *self._args)
  File "C:\D\fold7\AIVA-git\test_ai_input.py", line 22, in test
    response = await assistant.process_user_input(input_text)
  File "c:\D\fold7\AIVA-git\services\core\aiva_core\core_capabilities\dialog\assistant.py", line 126, in process_user_input
    response = await self._handle_intent(intent, params, user_input)
  File "c:\D\fold7\AIVA-git\services\core\aiva_core\core_capabilities\dialog\assistant.py", line 168, in _handle_intent
    return await self._handle_run_scan(scan_type, target, original_input)
  File "c:\D\fold7\AIVA-git\services\core\aiva_core\core_capabilities\dialog\assistant.py", line 341, in _handle_run_scan
    result = await coordinator.execute_strategy_fast(
  File "c:\D\fold7\AIVA-git\services\scan\coordinators\multi_engine_coordinator.py", line 223, in execute_strategy_fast
    return await self.execute_phase1(
  File "c:\D\fold7\AIVA-git\services\scan\coordinators\multi_engine_coordinator.py", line 694, in execute_phase1
    self.logger.info(
Message: '\u2705 Phase 1 completed: ai_scan_37213ee4 (資產: 0, 成功: 1/1, 耗時: 0.14s)'
Arguments: ()
Traceback (most recent call last):
  File "C:\D\fold7\AIVA-git\test_ai_input.py", line 26, in <module>
    asyncio.run(test())
    ~~~~~~~~~~~^^^^^^^^
  File "C:\Users\User\AppData\Local\Programs\Python\Python313\Lib\asyncio\runners.py", line 195, in run
    return runner.run(main)
           ~~~~~~~~~~^^^^^^
  File "C:\Users\User\AppData\Local\Programs\Python\Python313\Lib\asyncio\runners.py", line 118, in run
    return self._loop.run_until_complete(task)
           ~~~~~~~~~~~~~~~~~~~~~~~~~~~~~^^^^^^
  File "C:\Users\User\AppData\Local\Programs\Python\Python313\Lib\asyncio\base_events.py", line 725, in run_until_complete
    return future.result()
           ~~~~~~~~~~~~~^^
  File "C:\D\fold7\AIVA-git\test_ai_input.py", line 23, in test
    print(f"回應: {response.get('message', '')[:100]}")
    ~~~~~^^^^^^^^^^^^^^^^^^^^^^^^^^^^^^^^^^^^^^^^^^^^^^
UnicodeEncodeError: 'cp950' codec can't encode character '\u2705' in position 4: illegal multibyte sequence
